// Jest Snapshot v1, https://goo.gl/fbAQLP

exports[`ComposerComponent should match snapshot 1`] = `
<bab-form
  fb={[Function FormBuilder]}
>
  
</bab-form>
`;
