// Jest Snapshot v1, https://goo.gl/fbAQLP

exports[`DashboardComponent should match snapshot 1`] = `
<auth-dashboard
  store={[Function MockStore]}
>
  
</auth-dashboard>
`;
