// Jest Snapshot v1, https://goo.gl/fbAQLP

exports[`LoggedInComponent should match snapshot 1`] = `
<auth-logged-in
  logout={[Function EventEmitter]}
>
  
</auth-logged-in>
`;
